ASxxxx Linker V03.00 + NoICE + sdld,  page 1.
Hexadecimal  [32-Bits]

Area                                    Addr        Size        Decimal Bytes (Attributes)
--------------------------------        ----        ----        ------- ----- ------------
.  .ABS.                            00000000    00000000 =           0. bytes (ABS,CON)

      Value  Global                              Global Defined In Module
      -----  --------------------------------   ------------------------
     00000000  .__.ABS.                           VDP_SPRITES_MSXROM
     00000000  l__CABS                         
     00000000  l__DABS                         
     00000000  l__GSFINAL                      
     00000000  l__GSINIT                       
     00000000  l__HEADER                       
     00000000  l__HOME                         
     00000000  l__INITIALIZED                  
     00000000  l__INITIALIZER                  
     00000000  s__CABS                         
     00000000  s__DABS                         
     00000000  s__HEADER                       
     00000000  s__HEADER0                      
     0000001A  l__HEADER0                      
     00000020  l__DATA                         
     000003C9  l__CODE                         
     00004020  s__CODE                         
     0000C000  s__DATA                         
     0000C020  s__GSFINAL                      
     0000C020  s__GSINIT                       
     0000C020  s__HOME                         
     0000C020  s__INITIALIZED                  
     0000C020  s__INITIALIZER                  

ASxxxx Linker V03.00 + NoICE + sdld,  page 2.
Hexadecimal  [32-Bits]

Area                                    Addr        Size        Decimal Bytes (Attributes)
--------------------------------        ----        ----        ------- ----- ------------
_CODE                               00004020    000003C9 =         969. bytes (REL,CON)

      Value  Global                              Global Defined In Module
      -----  --------------------------------   ------------------------
     00004020  _main                              ByteniZ3R_test
     00004094  _SPRITE_DATA                       ByteniZ3R_test
     000040B4  _YDATA                             ByteniZ3R_test
     000041B4  _SCREEN                            VDP_TMS9918A_MSXROM
     000041CE  _SetSpritesSize                    VDP_TMS9918A_MSXROM
     000041EF  _SetSpritesZoom                    VDP_TMS9918A_MSXROM
     0000420F  _COLOR                             VDP_TMS9918A_MSXROM
     0000422F  _VPOKE                             VDP_TMS9918A_MSXROM
     00004246  _VPEEK                             VDP_TMS9918A_MSXROM
     0000425B  _FillVRAM                          VDP_TMS9918A_MSXROM
     00004278  _CopyToVRAM                        VDP_TMS9918A_MSXROM
     00004298  _CopyFromVRAM                      VDP_TMS9918A_MSXROM
     000042B9  _SetVDP                            VDP_TMS9918A_MSXROM
     000042CE  _ClearSprites                      VDP_SPRITES_MSXROM
     000042D2  _PUTSPRITE                         VDP_SPRITES_MSXROM
     000042FE  _SetSpritePattern                  VDP_SPRITES_MSXROM
     00004327  _SetSpriteColor                    VDP_SPRITES_MSXROM
     00004341  _SetSpritePosition                 VDP_SPRITES_MSXROM
     0000435F  _SetSpriteVisible                  VDP_SPRITES_MSXROM
     00004397  _SetEarlyClock                     VDP_SPRITES_MSXROM
     000043B5  _UnsetEarlyClock                   VDP_SPRITES_MSXROM
ASxxxx Linker V03.00 + NoICE + sdld,  page 3.
Hexadecimal  [32-Bits]

Area                                    Addr        Size        Decimal Bytes (Attributes)
--------------------------------        ----        ----        ------- ----- ------------
_DATA                               0000C000    00000020 =          32. bytes (REL,CON)

      Value  Global                              Global Defined In Module
      -----  --------------------------------   ------------------------
     0000C000  _SPRITEYBUFF                       VDP_SPRITES_MSXROM

ASxxxx Linker V03.00 + NoICE + sdld,  page 4.
Hexadecimal  [32-Bits]

Area                                    Addr        Size        Decimal Bytes (Attributes)
--------------------------------        ----        ----        ------- ----- ------------
_HEADER0                            00000000    0000001A =          26. bytes (ABS,CON)

      Value  Global                              Global Defined In Module
      -----  --------------------------------   ------------------------
ASxxxx Linker V03.00 + NoICE + sdld,  page 5.

Files Linked                              [ module(s) ]

build\ByteniZ3R_test.rel                  [ ByteniZ3R_test ]
libs\crt0_MSX816kROM4000.rel              [  ]
libs\VDP_TMS9918A_MSXROM.rel              [ VDP_TMS9918A_MSXROM ]
libs\VDP_SPRITES_MSXROM.rel               [ VDP_SPRITES_MSXROM ]

ASxxxx Linker V03.00 + NoICE + sdld,  page 6.

User Base Address Definitions

_CODE = 0x4020
_DATA = 0xc000

